LCD_I2C.c:10:6:LCDI2C_write	16	static
LCD_I2C.c:17:6:LCDI2C_init	16	static
LCD_I2C.c:30:6:LCDI2C_begin	16	static
LCD_I2C.c:76:6:LCDI2C_clear	8	static
LCD_I2C.c:81:6:LCDI2C_home	8	static
LCD_I2C.c:86:6:LCDI2C_setCursor	40	static
LCD_I2C.c:95:6:LCDI2C_noDisplay	8	static
LCD_I2C.c:99:6:LCDI2C_display	8	static
LCD_I2C.c:105:6:LCDI2C_noCursor	8	static
LCD_I2C.c:109:6:LCDI2C_cursor	8	static
LCD_I2C.c:115:6:LCDI2C_noBlink	8	static
LCD_I2C.c:119:6:LCDI2C_blink	8	static
LCD_I2C.c:125:6:LCDI2C_scrollDisplayLeft	8	static
LCD_I2C.c:128:6:LCDI2C_scrollDisplayRight	8	static
LCD_I2C.c:133:6:LCDI2C_leftToRight	8	static
LCD_I2C.c:139:6:LCDI2C_rightToLeft	8	static
LCD_I2C.c:145:6:LCDI2C_autoscroll	8	static
LCD_I2C.c:151:6:LCDI2C_noAutoscroll	8	static
LCD_I2C.c:157:6:LCDI2C_noBacklight	8	static
LCD_I2C.c:161:6:LCDI2C_backlight	8	static
LCD_I2C.c:166:6:LCDI2C_command	16	static
LCD_I2C.c:171:6:LCDI2C_send	24	static
LCD_I2C.c:178:6:LCDI2C_write4bits	16	static
LCD_I2C.c:183:6:LCDI2C_expanderWrite	16	static
LCD_I2C.c:189:6:LCDI2C_pulseEnable	16	static
LCD_I2C.c:197:6:LCDI2C_write_String	24	static
LCD_I2C.c:208:6:LCDI2C_cursor_on	8	static
LCD_I2C.c:212:6:LCDI2C_cursor_off	8	static
LCD_I2C.c:216:6:LCDI2C_blink_on	8	static
LCD_I2C.c:220:6:LCDI2C_blink_off	8	static
LCD_I2C.c:225:6:LCDI2C_setBacklight	16	static
